Archive member included to satisfy reference by file (symbol)

D:/infienion_esc/arm-gcc/13.2 Rel1/bin/../lib/gcc/arm-none-eabi/13.2.1/thumb/v6-m/nofp\libgcc.a(_udivsi3.o)
                              ./Device_Drivers/CLOCK/Sys_Clock.o (__aeabi_uidiv)
D:/infienion_esc/arm-gcc/13.2 Rel1/bin/../lib/gcc/arm-none-eabi/13.2.1/thumb/v6-m/nofp\libgcc.a(_dvmd_tls.o)
                              D:/infienion_esc/arm-gcc/13.2 Rel1/bin/../lib/gcc/arm-none-eabi/13.2.1/thumb/v6-m/nofp\libgcc.a(_udivsi3.o) (__aeabi_idiv0)
D:/infienion_esc/arm-gcc/13.2 Rel1/bin/../lib/gcc/arm-none-eabi/13.2.1/thumb/v6-m/nofp\libc_nano.a(libc_a-errno.o)
                              ./Libc_Device_Support/syscalls.o (__errno)
D:/infienion_esc/arm-gcc/13.2 Rel1/bin/../lib/gcc/arm-none-eabi/13.2.1/thumb/v6-m/nofp\libc_nano.a(libc_a-init.o)
                              ./Startup/startup.o (__libc_init_array)
D:/infienion_esc/arm-gcc/13.2 Rel1/bin/../lib/gcc/arm-none-eabi/13.2.1/thumb/v6-m/nofp\libc_nano.a(libc_a-impure.o)
                              D:/infienion_esc/arm-gcc/13.2 Rel1/bin/../lib/gcc/arm-none-eabi/13.2.1/thumb/v6-m/nofp\libc_nano.a(libc_a-errno.o) (_impure_ptr)

Discarded input sections

 .text          0x00000000        0x0 ./Application_Source/main.o
 .data          0x00000000        0x0 ./Application_Source/main.o
 .bss           0x00000000        0x0 ./Application_Source/main.o
 .heap          0x00000000      0x200 ./Application_Source/main.o
 .stack         0x00000000      0x400 ./Application_Source/main.o
 .text.Delay    0x00000000       0x62 ./Application_Source/main.o
 .text          0x00000000        0x0 ./Application_Source/user_cfg.o
 .data          0x00000000        0x0 ./Application_Source/user_cfg.o
 .bss           0x00000000        0x0 ./Application_Source/user_cfg.o
 .rodata.TRNG_config
                0x00000000       0x14 ./Application_Source/user_cfg.o
 .rodata.LED10_P2_2_config
                0x00000000       0x14 ./Application_Source/user_cfg.o
 .rodata.LED10_P2_0_config
                0x00000000       0x14 ./Application_Source/user_cfg.o
 .rodata.PWM_P1_2_config
                0x00000000       0x14 ./Application_Source/user_cfg.o
 .rodata.TIMER1_config
                0x00000000       0x4c ./Application_Source/user_cfg.o
 .rodata.TIMER2_config
                0x00000000       0x4c ./Application_Source/user_cfg.o
 .rodata.TIMER0_config
                0x00000000       0x4c ./Application_Source/user_cfg.o
 .rodata.TIMER3_PWM_config
                0x00000000       0x64 ./Application_Source/user_cfg.o
 .text          0x00000000        0x0 ./Device_Drivers/GPIO/gpio.o
 .data          0x00000000        0x0 ./Device_Drivers/GPIO/gpio.o
 .bss           0x00000000        0x0 ./Device_Drivers/GPIO/gpio.o
 .text.GPIO_Read
                0x00000000       0x20 ./Device_Drivers/GPIO/gpio.o
 .text.GPIO_Set
                0x00000000       0x1c ./Device_Drivers/GPIO/gpio.o
 .text.GPIO_Clr
                0x00000000       0x1c ./Device_Drivers/GPIO/gpio.o
 .text.GPIO_Inv
                0x00000000       0x1c ./Device_Drivers/GPIO/gpio.o
 .text.gpio_init
                0x00000000       0x54 ./Device_Drivers/GPIO/gpio.o
 .text.GPIO_ClearInterrupt
                0x00000000       0x24 ./Device_Drivers/GPIO/gpio.o
 .text          0x00000000        0x0 ./Device_Drivers/TIMER/timer.o
 .data          0x00000000        0x0 ./Device_Drivers/TIMER/timer.o
 .bss           0x00000000        0x0 ./Device_Drivers/TIMER/timer.o
 .text.TCPWM_Counter_Init
                0x00000000      0x19e ./Device_Drivers/TIMER/timer.o
 .text.TCPWM_PWM_Init
                0x00000000      0x224 ./Device_Drivers/TIMER/timer.o
 .text.TCPWM_Counter_Enable
                0x00000000       0x24 ./Device_Drivers/TIMER/timer.o
 .text.TCPWM_SetInterrupt
                0x00000000       0x26 ./Device_Drivers/TIMER/timer.o
 .text.TCPWM_Counter_SetPeriod
                0x00000000       0x26 ./Device_Drivers/TIMER/timer.o
 .text.TCPWM_TriggerStart
                0x00000000       0x1a ./Device_Drivers/TIMER/timer.o
 .text.TCPWM_TriggerReloadOrIndex
                0x00000000       0x1a ./Device_Drivers/TIMER/timer.o
 .text.TCPWM_ClearInterrupt
                0x00000000       0x36 ./Device_Drivers/TIMER/timer.o
 .text.TCPWM_PWM_SetCompare0
                0x00000000       0x26 ./Device_Drivers/TIMER/timer.o
 .text.TCPWM_PWM_SetCompare1
                0x00000000       0x26 ./Device_Drivers/TIMER/timer.o
 .text.TCPWM_Counter_SetCounter
                0x00000000       0x26 ./Device_Drivers/TIMER/timer.o
 .text.TCPWM_TriggerStopOrKill
                0x00000000       0x1a ./Device_Drivers/TIMER/timer.o
 .text.TCPWM_Counter_GetCounter
                0x00000000       0x22 ./Device_Drivers/TIMER/timer.o
 .debug_info    0x00000000      0x74b ./Device_Drivers/TIMER/timer.o
 .debug_abbrev  0x00000000      0x138 ./Device_Drivers/TIMER/timer.o
 .debug_aranges
                0x00000000       0x80 ./Device_Drivers/TIMER/timer.o
 .debug_rnglists
                0x00000000       0x5d ./Device_Drivers/TIMER/timer.o
 .debug_line    0x00000000      0x486 ./Device_Drivers/TIMER/timer.o
 .debug_str     0x00000000      0x56c ./Device_Drivers/TIMER/timer.o
 .comment       0x00000000       0x45 ./Device_Drivers/TIMER/timer.o
 .debug_frame   0x00000000      0x1b0 ./Device_Drivers/TIMER/timer.o
 .ARM.attributes
                0x00000000       0x2c ./Device_Drivers/TIMER/timer.o
 .text          0x00000000        0x0 ./Device_Drivers/ADC/ADC.o
 .data          0x00000000        0x0 ./Device_Drivers/ADC/ADC.o
 .bss           0x00000000        0x0 ./Device_Drivers/ADC/ADC.o
 .text.Cy_SAR_CountsTo_mVolts
                0x00000000       0x38 ./Device_Drivers/ADC/ADC.o
 .text          0x00000000        0x0 ./Device_Drivers/CLOCK/Sys_Clock.o
 .data          0x00000000        0x0 ./Device_Drivers/CLOCK/Sys_Clock.o
 .bss           0x00000000        0x0 ./Device_Drivers/CLOCK/Sys_Clock.o
 .text.Cy_SysClk_ImoEnable
                0x00000000       0x18 ./Device_Drivers/CLOCK/Sys_Clock.o
 .text.Cy_SysClk_ImoGetFrequency
                0x00000000       0x3c ./Device_Drivers/CLOCK/Sys_Clock.o
 .text.Cy_SysClk_ImoSetFrequency
                0x00000000       0xfc ./Device_Drivers/CLOCK/Sys_Clock.o
 .text          0x00000000        0x0 ./Device_Drivers/SYSTICK/systick.o
 .data          0x00000000        0x0 ./Device_Drivers/SYSTICK/systick.o
 .bss           0x00000000        0x0 ./Device_Drivers/SYSTICK/systick.o
 .text.SysTick_Config
                0x00000000       0x40 ./Device_Drivers/SYSTICK/systick.o
 .text.SysTick_Acknowledge_Interrupt
                0x00000000       0x28 ./Device_Drivers/SYSTICK/systick.o
 .debug_info    0x00000000       0xda ./Device_Drivers/SYSTICK/systick.o
 .debug_abbrev  0x00000000       0x90 ./Device_Drivers/SYSTICK/systick.o
 .debug_aranges
                0x00000000       0x28 ./Device_Drivers/SYSTICK/systick.o
 .debug_rnglists
                0x00000000       0x19 ./Device_Drivers/SYSTICK/systick.o
 .debug_line    0x00000000      0x133 ./Device_Drivers/SYSTICK/systick.o
 .debug_str     0x00000000      0x1c2 ./Device_Drivers/SYSTICK/systick.o
 .comment       0x00000000       0x45 ./Device_Drivers/SYSTICK/systick.o
 .debug_frame   0x00000000       0x50 ./Device_Drivers/SYSTICK/systick.o
 .ARM.attributes
                0x00000000       0x2c ./Device_Drivers/SYSTICK/systick.o
 .text          0x00000000        0x0 ./Device_Drivers/SCB/scb.o
 .data          0x00000000        0x0 ./Device_Drivers/SCB/scb.o
 .bss           0x00000000        0x0 ./Device_Drivers/SCB/scb.o
 .text.Cy_SCB_ClearI2CInterrupt
                0x00000000       0x24 ./Device_Drivers/SCB/scb.o
 .text.Cy_SCB_GetNumInRxFifo
                0x00000000       0x1c ./Device_Drivers/SCB/scb.o
 .text.Cy_SCB_ClearRxFifo
                0x00000000       0x4c ./Device_Drivers/SCB/scb.o
 .text.Cy_SCB_SetRxInterruptMask
                0x00000000       0x20 ./Device_Drivers/SCB/scb.o
 .text.Cy_SCB_GetTxSrValid
                0x00000000       0x1e ./Device_Drivers/SCB/scb.o
 .text.Cy_SCB_SetTxInterruptMask
                0x00000000       0x20 ./Device_Drivers/SCB/scb.o
 .text.Cy_SCB_ClearRxInterrupt
                0x00000000       0x24 ./Device_Drivers/SCB/scb.o
 .text.Cy_SCB_ClearSlaveInterrupt
                0x00000000       0x24 ./Device_Drivers/SCB/scb.o
 .text.Cy_SCB_SetSlaveInterruptMask
                0x00000000       0x20 ./Device_Drivers/SCB/scb.o
 .text.Cy_SCB_ClearTxFifo
                0x00000000       0x4c ./Device_Drivers/SCB/scb.o
 .text.Cy_SCB_SetRxFifoLevel
                0x00000000       0x32 ./Device_Drivers/SCB/scb.o
 .text.Cy_SCB_GetSlaveInterruptStatusMasked
                0x00000000       0x1c ./Device_Drivers/SCB/scb.o
 .text.Cy_SCB_ClearTxInterrupt
                0x00000000       0x24 ./Device_Drivers/SCB/scb.o
 .text.Cy_SCB_FwBlockReset
                0x00000000       0x3a ./Device_Drivers/SCB/scb.o
 .text.Cy_SCB_IsTxDataWidthByte
                0x00000000       0x22 ./Device_Drivers/SCB/scb.o
 .text.Cy_SCB_ReadArrayNoCheck
                0x00000000       0x7a ./Device_Drivers/SCB/scb.o
 .text.Cy_SCB_ReadArray
                0x00000000       0x3c ./Device_Drivers/SCB/scb.o
 .text.Cy_SCB_WriteDefaultArrayNoCheck
                0x00000000       0x32 ./Device_Drivers/SCB/scb.o
 .text.Cy_SCB_WriteDefaultArray
                0x00000000       0x46 ./Device_Drivers/SCB/scb.o
 .text.Cy_SCB_WriteArrayNoCheck
                0x00000000       0x7c ./Device_Drivers/SCB/scb.o
 .text.Cy_SCB_WriteArray
                0x00000000       0x46 ./Device_Drivers/SCB/scb.o
 .text.Cy_SCB_WriteArrayBlocking
                0x00000000       0x72 ./Device_Drivers/SCB/scb.o
 .debug_info    0x00000000      0xb00 ./Device_Drivers/SCB/scb.o
 .debug_abbrev  0x00000000      0x1bd ./Device_Drivers/SCB/scb.o
 .debug_aranges
                0x00000000       0xc8 ./Device_Drivers/SCB/scb.o
 .debug_rnglists
                0x00000000       0x91 ./Device_Drivers/SCB/scb.o
 .debug_line    0x00000000      0x435 ./Device_Drivers/SCB/scb.o
 .debug_str     0x00000000      0x76d ./Device_Drivers/SCB/scb.o
 .comment       0x00000000       0x45 ./Device_Drivers/SCB/scb.o
 .debug_frame   0x00000000      0x2d0 ./Device_Drivers/SCB/scb.o
 .ARM.attributes
                0x00000000       0x2c ./Device_Drivers/SCB/scb.o
 .text          0x00000000        0x0 ./Device_Drivers/SCB/uart.o
 .data          0x00000000        0x0 ./Device_Drivers/SCB/uart.o
 .bss           0x00000000        0x0 ./Device_Drivers/SCB/uart.o
 .text.Cy_SCB_UART_GetNumInRxFifo
                0x00000000       0x1c ./Device_Drivers/SCB/uart.o
 .text.Cy_SCB_UART_Get
                0x00000000       0x1a ./Device_Drivers/SCB/uart.o
 .text.Cy_SCB_ReadRxFifo
                0x00000000       0x18 ./Device_Drivers/SCB/uart.o
 .text.Cy_SCB_UART_Put
                0x00000000       0x20 ./Device_Drivers/SCB/uart.o
 .text.Cy_SCB_Write
                0x00000000       0x40 ./Device_Drivers/SCB/uart.o
 .text          0x00000000        0x0 ./Device_Drivers/SCB/i2c.o
 .data          0x00000000        0x0 ./Device_Drivers/SCB/i2c.o
 .bss           0x00000000        0x0 ./Device_Drivers/SCB/i2c.o
 .text.SlaveHandleDataReceive
                0x00000000      0x12c ./Device_Drivers/SCB/i2c.o
 .text.Cy_SCB_I2C_Init
                0x00000000      0x144 ./Device_Drivers/SCB/i2c.o
 .text.Cy_SCB_I2C_SlaveConfigReadBuf
                0x00000000       0x2e ./Device_Drivers/SCB/i2c.o
 .text.Cy_SCB_I2C_SlaveConfigWriteBuf
                0x00000000       0x28 ./Device_Drivers/SCB/i2c.o
 .text.Cy_SCB_I2C_SlaveClearWriteStatus
                0x00000000       0x30 ./Device_Drivers/SCB/i2c.o
 .text.Cy_SCB_I2C_Enable
                0x00000000       0x1e ./Device_Drivers/SCB/i2c.o
 .text.SlaveHandleStop
                0x00000000      0x154 ./Device_Drivers/SCB/i2c.o
 .text.SlaveHandleAck
                0x00000000       0xf0 ./Device_Drivers/SCB/i2c.o
 .text.SlaveHandleAddress
                0x00000000       0x46 ./Device_Drivers/SCB/i2c.o
 .text.SlaveHandleDataTransmit
                0x00000000      0x150 ./Device_Drivers/SCB/i2c.o
 .text.SCB_I2C_SlaveInterrupt
                0x00000000      0x174 ./Device_Drivers/SCB/i2c.o
 .text.Cy_SCB_I2C_SlaveGetStatus
                0x00000000       0x16 ./Device_Drivers/SCB/i2c.o
 .debug_info    0x00000000      0xcd7 ./Device_Drivers/SCB/i2c.o
 .debug_abbrev  0x00000000      0x251 ./Device_Drivers/SCB/i2c.o
 .debug_aranges
                0x00000000       0x78 ./Device_Drivers/SCB/i2c.o
 .debug_rnglists
                0x00000000       0x5b ./Device_Drivers/SCB/i2c.o
 .debug_line    0x00000000      0x644 ./Device_Drivers/SCB/i2c.o
 .debug_str     0x00000000      0xa5b ./Device_Drivers/SCB/i2c.o
 .comment       0x00000000       0x45 ./Device_Drivers/SCB/i2c.o
 .debug_frame   0x00000000      0x190 ./Device_Drivers/SCB/i2c.o
 .ARM.attributes
                0x00000000       0x2c ./Device_Drivers/SCB/i2c.o
 .text          0x00000000        0x0 ./Libc_Device_Support/malloc_support.o
 .data          0x00000000        0x0 ./Libc_Device_Support/malloc_support.o
 .bss           0x00000000        0x0 ./Libc_Device_Support/malloc_support.o
 .text.malloc_dummy
                0x00000000        0xa ./Libc_Device_Support/malloc_support.o
 .debug_info    0x00000000       0x39 ./Libc_Device_Support/malloc_support.o
 .debug_abbrev  0x00000000       0x2d ./Libc_Device_Support/malloc_support.o
 .debug_aranges
                0x00000000       0x20 ./Libc_Device_Support/malloc_support.o
 .debug_rnglists
                0x00000000       0x13 ./Libc_Device_Support/malloc_support.o
 .debug_line    0x00000000       0x5a ./Libc_Device_Support/malloc_support.o
 .debug_str     0x00000000       0xfb ./Libc_Device_Support/malloc_support.o
 .comment       0x00000000       0x45 ./Libc_Device_Support/malloc_support.o
 .debug_frame   0x00000000       0x2c ./Libc_Device_Support/malloc_support.o
 .ARM.attributes
                0x00000000       0x2c ./Libc_Device_Support/malloc_support.o
 .text          0x00000000        0x0 ./Libc_Device_Support/printf_support.o
 .data          0x00000000        0x0 ./Libc_Device_Support/printf_support.o
 .bss           0x00000000        0x0 ./Libc_Device_Support/printf_support.o
 .text.printf_dummy
                0x00000000        0xa ./Libc_Device_Support/printf_support.o
 .debug_info    0x00000000       0x39 ./Libc_Device_Support/printf_support.o
 .debug_abbrev  0x00000000       0x2d ./Libc_Device_Support/printf_support.o
 .debug_aranges
                0x00000000       0x20 ./Libc_Device_Support/printf_support.o
 .debug_rnglists
                0x00000000       0x13 ./Libc_Device_Support/printf_support.o
 .debug_line    0x00000000       0x5a ./Libc_Device_Support/printf_support.o
 .debug_str     0x00000000       0xfb ./Libc_Device_Support/printf_support.o
 .comment       0x00000000       0x45 ./Libc_Device_Support/printf_support.o
 .debug_frame   0x00000000       0x2c ./Libc_Device_Support/printf_support.o
 .ARM.attributes
                0x00000000       0x2c ./Libc_Device_Support/printf_support.o
 .text          0x00000000        0x0 ./Libc_Device_Support/syscalls.o
 .data          0x00000000        0x0 ./Libc_Device_Support/syscalls.o
 .bss           0x00000000        0x0 ./Libc_Device_Support/syscalls.o
 .bss.__env     0x00000000        0x4 ./Libc_Device_Support/syscalls.o
 .data.environ  0x00000000        0x4 ./Libc_Device_Support/syscalls.o
 .text.initialise_monitor_handles
                0x00000000        0xa ./Libc_Device_Support/syscalls.o
 .text._getpid  0x00000000        0xc ./Libc_Device_Support/syscalls.o
 .text._kill    0x00000000       0x20 ./Libc_Device_Support/syscalls.o
 .text._exit    0x00000000       0x1a ./Libc_Device_Support/syscalls.o
 .text._read    0x00000000       0x3a ./Libc_Device_Support/syscalls.o
 .text._write   0x00000000       0x38 ./Libc_Device_Support/syscalls.o
 .text._close   0x00000000       0x14 ./Libc_Device_Support/syscalls.o
 .text._fstat   0x00000000       0x1c ./Libc_Device_Support/syscalls.o
 .text._isatty  0x00000000       0x12 ./Libc_Device_Support/syscalls.o
 .text._lseek   0x00000000       0x16 ./Libc_Device_Support/syscalls.o
 .text._open    0x00000000       0x22 ./Libc_Device_Support/syscalls.o
 .text._wait    0x00000000       0x26 ./Libc_Device_Support/syscalls.o
 .text._unlink  0x00000000       0x24 ./Libc_Device_Support/syscalls.o
 .text._times   0x00000000       0x1a ./Libc_Device_Support/syscalls.o
 .text._stat    0x00000000       0x22 ./Libc_Device_Support/syscalls.o
 .text._link    0x00000000       0x2e ./Libc_Device_Support/syscalls.o
 .text._fork    0x00000000       0x18 ./Libc_Device_Support/syscalls.o
 .text._execve  0x00000000       0x34 ./Libc_Device_Support/syscalls.o
 .text._sbrk    0x00000000       0x58 ./Libc_Device_Support/syscalls.o
 .bss.heap_end.0
                0x00000000        0x4 ./Libc_Device_Support/syscalls.o
 .debug_info    0x00000000      0x711 ./Libc_Device_Support/syscalls.o
 .debug_abbrev  0x00000000      0x1c8 ./Libc_Device_Support/syscalls.o
 .debug_aranges
                0x00000000       0xb0 ./Libc_Device_Support/syscalls.o
 .debug_rnglists
                0x00000000       0x7f ./Libc_Device_Support/syscalls.o
 .debug_line    0x00000000      0x3b0 ./Libc_Device_Support/syscalls.o
 .debug_str     0x00000000      0x416 ./Libc_Device_Support/syscalls.o
 .comment       0x00000000       0x45 ./Libc_Device_Support/syscalls.o
 .debug_frame   0x00000000      0x264 ./Libc_Device_Support/syscalls.o
 .ARM.attributes
                0x00000000       0x2c ./Libc_Device_Support/syscalls.o
 .text          0x00000000        0x0 ./Special_Libraries/dsplib.o
 .data          0x00000000        0x0 ./Special_Libraries/dsplib.o
 .bss           0x00000000        0x0 ./Special_Libraries/dsplib.o
 .text.ifx_sin  0x00000000        0xa ./Special_Libraries/dsplib.o
 .text.ifx_cos  0x00000000        0xa ./Special_Libraries/dsplib.o
 .debug_info    0x00000000       0x47 ./Special_Libraries/dsplib.o
 .debug_abbrev  0x00000000       0x2f ./Special_Libraries/dsplib.o
 .debug_aranges
                0x00000000       0x28 ./Special_Libraries/dsplib.o
 .debug_rnglists
                0x00000000       0x19 ./Special_Libraries/dsplib.o
 .debug_line    0x00000000       0x62 ./Special_Libraries/dsplib.o
 .debug_str     0x00000000       0xf4 ./Special_Libraries/dsplib.o
 .comment       0x00000000       0x45 ./Special_Libraries/dsplib.o
 .debug_frame   0x00000000       0x48 ./Special_Libraries/dsplib.o
 .ARM.attributes
                0x00000000       0x2c ./Special_Libraries/dsplib.o
 .text          0x00000000        0x0 ./Special_Libraries/reset.o
 .data          0x00000000        0x0 ./Special_Libraries/reset.o
 .bss           0x00000000        0x0 ./Special_Libraries/reset.o
 .text.CySoftwareReset
                0x00000000       0x24 ./Special_Libraries/reset.o
 .text.CySysGetResetReason
                0x00000000       0x30 ./Special_Libraries/reset.o
 .debug_info    0x00000000       0xd0 ./Special_Libraries/reset.o
 .debug_abbrev  0x00000000       0x91 ./Special_Libraries/reset.o
 .debug_aranges
                0x00000000       0x28 ./Special_Libraries/reset.o
 .debug_rnglists
                0x00000000       0x19 ./Special_Libraries/reset.o
 .debug_line    0x00000000      0x125 ./Special_Libraries/reset.o
 .debug_str     0x00000000      0x1b3 ./Special_Libraries/reset.o
 .comment       0x00000000       0x45 ./Special_Libraries/reset.o
 .debug_frame   0x00000000       0x4c ./Special_Libraries/reset.o
 .ARM.attributes
                0x00000000       0x2c ./Special_Libraries/reset.o
 .text          0x00000000        0x0 ./Special_Libraries/cmsis_gcc.o
 .data          0x00000000        0x0 ./Special_Libraries/cmsis_gcc.o
 .bss           0x00000000        0x0 ./Special_Libraries/cmsis_gcc.o
 .text.disable_irq
                0x00000000        0xc ./Special_Libraries/cmsis_gcc.o
 .text.NVIC_DisableIRQ
                0x00000000       0x34 ./Special_Libraries/cmsis_gcc.o
 .text          0x00000000        0x0 ./Startup/startup.o
 .data          0x00000000        0x0 ./Startup/startup.o
 .bss           0x00000000        0x0 ./Startup/startup.o
 .text          0x00000000        0x0 ./Device_Drivers/TRNG/trng.o
 .data          0x00000000        0x0 ./Device_Drivers/TRNG/trng.o
 .bss           0x00000000        0x0 ./Device_Drivers/TRNG/trng.o
 .text.Crypto_TRNG_Enable
                0x00000000       0x1e ./Device_Drivers/TRNG/trng.o
 .text.Cy_Crypto_IsEnabled
                0x00000000       0x26 ./Device_Drivers/TRNG/trng.o
 .text.Cy_Crypto_GetInterruptStatus
                0x00000000       0x18 ./Device_Drivers/TRNG/trng.o
 .text.Cy_Crypto_Trng_WaitForComplete
                0x00000000       0x2a ./Device_Drivers/TRNG/trng.o
 .text.Crypto_Trng_Get_Random
                0x00000000       0xdc ./Device_Drivers/TRNG/trng.o
 .debug_info    0x00000000      0x389 ./Device_Drivers/TRNG/trng.o
 .debug_abbrev  0x00000000      0x138 ./Device_Drivers/TRNG/trng.o
 .debug_aranges
                0x00000000       0x40 ./Device_Drivers/TRNG/trng.o
 .debug_rnglists
                0x00000000       0x2c ./Device_Drivers/TRNG/trng.o
 .debug_line    0x00000000      0x1ce ./Device_Drivers/TRNG/trng.o
 .debug_str     0x00000000      0x35c ./Device_Drivers/TRNG/trng.o
 .comment       0x00000000       0x45 ./Device_Drivers/TRNG/trng.o
 .debug_frame   0x00000000       0xb0 ./Device_Drivers/TRNG/trng.o
 .ARM.attributes
                0x00000000       0x2c ./Device_Drivers/TRNG/trng.o
 .text          0x00000000      0x114 D:/infienion_esc/arm-gcc/13.2 Rel1/bin/../lib/gcc/arm-none-eabi/13.2.1/thumb/v6-m/nofp\libgcc.a(_udivsi3.o)
 .data          0x00000000        0x0 D:/infienion_esc/arm-gcc/13.2 Rel1/bin/../lib/gcc/arm-none-eabi/13.2.1/thumb/v6-m/nofp\libgcc.a(_udivsi3.o)
 .bss           0x00000000        0x0 D:/infienion_esc/arm-gcc/13.2 Rel1/bin/../lib/gcc/arm-none-eabi/13.2.1/thumb/v6-m/nofp\libgcc.a(_udivsi3.o)
 .debug_frame   0x00000000       0x20 D:/infienion_esc/arm-gcc/13.2 Rel1/bin/../lib/gcc/arm-none-eabi/13.2.1/thumb/v6-m/nofp\libgcc.a(_udivsi3.o)
 .debug_line_str
                0x00000000       0xc9 D:/infienion_esc/arm-gcc/13.2 Rel1/bin/../lib/gcc/arm-none-eabi/13.2.1/thumb/v6-m/nofp\libgcc.a(_udivsi3.o)
 .ARM.attributes
                0x00000000       0x1e D:/infienion_esc/arm-gcc/13.2 Rel1/bin/../lib/gcc/arm-none-eabi/13.2.1/thumb/v6-m/nofp\libgcc.a(_udivsi3.o)
 .text          0x00000000        0x4 D:/infienion_esc/arm-gcc/13.2 Rel1/bin/../lib/gcc/arm-none-eabi/13.2.1/thumb/v6-m/nofp\libgcc.a(_dvmd_tls.o)
 .data          0x00000000        0x0 D:/infienion_esc/arm-gcc/13.2 Rel1/bin/../lib/gcc/arm-none-eabi/13.2.1/thumb/v6-m/nofp\libgcc.a(_dvmd_tls.o)
 .bss           0x00000000        0x0 D:/infienion_esc/arm-gcc/13.2 Rel1/bin/../lib/gcc/arm-none-eabi/13.2.1/thumb/v6-m/nofp\libgcc.a(_dvmd_tls.o)
 .debug_line_str
                0x00000000       0xc9 D:/infienion_esc/arm-gcc/13.2 Rel1/bin/../lib/gcc/arm-none-eabi/13.2.1/thumb/v6-m/nofp\libgcc.a(_dvmd_tls.o)
 .ARM.attributes
                0x00000000       0x1e D:/infienion_esc/arm-gcc/13.2 Rel1/bin/../lib/gcc/arm-none-eabi/13.2.1/thumb/v6-m/nofp\libgcc.a(_dvmd_tls.o)
 .text          0x00000000        0x0 D:/infienion_esc/arm-gcc/13.2 Rel1/bin/../lib/gcc/arm-none-eabi/13.2.1/thumb/v6-m/nofp\libc_nano.a(libc_a-errno.o)
 .data          0x00000000        0x0 D:/infienion_esc/arm-gcc/13.2 Rel1/bin/../lib/gcc/arm-none-eabi/13.2.1/thumb/v6-m/nofp\libc_nano.a(libc_a-errno.o)
 .bss           0x00000000        0x0 D:/infienion_esc/arm-gcc/13.2 Rel1/bin/../lib/gcc/arm-none-eabi/13.2.1/thumb/v6-m/nofp\libc_nano.a(libc_a-errno.o)
 .text.__errno  0x00000000        0xc D:/infienion_esc/arm-gcc/13.2 Rel1/bin/../lib/gcc/arm-none-eabi/13.2.1/thumb/v6-m/nofp\libc_nano.a(libc_a-errno.o)
 .debug_frame   0x00000000       0x20 D:/infienion_esc/arm-gcc/13.2 Rel1/bin/../lib/gcc/arm-none-eabi/13.2.1/thumb/v6-m/nofp\libc_nano.a(libc_a-errno.o)
 .ARM.attributes
                0x00000000       0x2c D:/infienion_esc/arm-gcc/13.2 Rel1/bin/../lib/gcc/arm-none-eabi/13.2.1/thumb/v6-m/nofp\libc_nano.a(libc_a-errno.o)
 .text          0x00000000        0x0 D:/infienion_esc/arm-gcc/13.2 Rel1/bin/../lib/gcc/arm-none-eabi/13.2.1/thumb/v6-m/nofp\libc_nano.a(libc_a-init.o)
 .data          0x00000000        0x0 D:/infienion_esc/arm-gcc/13.2 Rel1/bin/../lib/gcc/arm-none-eabi/13.2.1/thumb/v6-m/nofp\libc_nano.a(libc_a-init.o)
 .bss           0x00000000        0x0 D:/infienion_esc/arm-gcc/13.2 Rel1/bin/../lib/gcc/arm-none-eabi/13.2.1/thumb/v6-m/nofp\libc_nano.a(libc_a-init.o)
 .text          0x00000000        0x0 D:/infienion_esc/arm-gcc/13.2 Rel1/bin/../lib/gcc/arm-none-eabi/13.2.1/thumb/v6-m/nofp\libc_nano.a(libc_a-impure.o)
 .data          0x00000000        0x0 D:/infienion_esc/arm-gcc/13.2 Rel1/bin/../lib/gcc/arm-none-eabi/13.2.1/thumb/v6-m/nofp\libc_nano.a(libc_a-impure.o)
 .bss           0x00000000        0x0 D:/infienion_esc/arm-gcc/13.2 Rel1/bin/../lib/gcc/arm-none-eabi/13.2.1/thumb/v6-m/nofp\libc_nano.a(libc_a-impure.o)
 .data._impure_ptr
                0x00000000        0x4 D:/infienion_esc/arm-gcc/13.2 Rel1/bin/../lib/gcc/arm-none-eabi/13.2.1/thumb/v6-m/nofp\libc_nano.a(libc_a-impure.o)
 .data._impure_data
                0x00000000       0x4c D:/infienion_esc/arm-gcc/13.2 Rel1/bin/../lib/gcc/arm-none-eabi/13.2.1/thumb/v6-m/nofp\libc_nano.a(libc_a-impure.o)
 .ARM.attributes
                0x00000000       0x2c D:/infienion_esc/arm-gcc/13.2 Rel1/bin/../lib/gcc/arm-none-eabi/13.2.1/thumb/v6-m/nofp\libc_nano.a(libc_a-impure.o)

Memory Configuration

Name             Origin             Length             Attributes
FLASH            0x00000000         0x00020000         xr
RAM              0x20000000         0x00004000         xrw
*default*        0x00000000         0xffffffff

Linker script and memory map

LOAD ./Application_Source/main.o
LOAD ./Application_Source/user_cfg.o
LOAD ./Device_Drivers/GPIO/gpio.o
LOAD ./Device_Drivers/TIMER/timer.o
LOAD ./Device_Drivers/ADC/ADC.o
LOAD ./Device_Drivers/CLOCK/Sys_Clock.o
LOAD ./Device_Drivers/SYSTICK/systick.o
LOAD ./Device_Drivers/SCB/scb.o
LOAD ./Device_Drivers/SCB/uart.o
LOAD ./Device_Drivers/SCB/i2c.o
LOAD ./Libc_Device_Support/malloc_support.o
LOAD ./Libc_Device_Support/printf_support.o
LOAD ./Libc_Device_Support/syscalls.o
LOAD ./Special_Libraries/dsplib.o
LOAD ./Special_Libraries/reset.o
LOAD ./Special_Libraries/cmsis_gcc.o
LOAD ./Startup/startup.o
LOAD ./Device_Drivers/TRNG/trng.o
START GROUP
LOAD D:/infienion_esc/arm-gcc/13.2 Rel1/bin/../lib/gcc/arm-none-eabi/13.2.1/thumb/v6-m/nofp\libgcc.a
LOAD D:/infienion_esc/arm-gcc/13.2 Rel1/bin/../lib/gcc/arm-none-eabi/13.2.1/thumb/v6-m/nofp\libc_nano.a
END GROUP
START GROUP
LOAD D:/infienion_esc/arm-gcc/13.2 Rel1/bin/../lib/gcc/arm-none-eabi/13.2.1/thumb/v6-m/nofp\libgcc.a
LOAD D:/infienion_esc/arm-gcc/13.2 Rel1/bin/../lib/gcc/arm-none-eabi/13.2.1/thumb/v6-m/nofp\libc_nano.a
LOAD D:/infienion_esc/arm-gcc/13.2 Rel1/bin/../lib/gcc/arm-none-eabi/13.2.1/thumb/v6-m/nofp\libnosys.a
END GROUP
START GROUP
LOAD D:/infienion_esc/arm-gcc/13.2 Rel1/bin/../lib/gcc/arm-none-eabi/13.2.1/thumb/v6-m/nofp\libgcc.a
LOAD D:/infienion_esc/arm-gcc/13.2 Rel1/bin/../lib/gcc/arm-none-eabi/13.2.1/thumb/v6-m/nofp\libc_nano.a
LOAD D:/infienion_esc/arm-gcc/13.2 Rel1/bin/../lib/gcc/arm-none-eabi/13.2.1/thumb/v6-m/nofp\libnosys.a
END GROUP
                0x00000000                        __FLASH_START = 0x0
                0x00020000                        __FLASH_SIZE = 0x20000
                0x20000000                        __RAM_START = 0x20000000
                0x00004000                        __RAM_SIZE = 0x4000
                0x00001000                        __STACK_SIZE = 0x1000
                0x00000200                        __HEAP_SIZE = 0x200
                0x20004000                        __STACK_START = (__RAM_START + __RAM_SIZE)
                0x20003000                        __STACK_END = (__STACK_START - __STACK_SIZE)
                0x20002e00                        __HEAP_START = (__STACK_END - __HEAP_SIZE)
                0x20003000                        __HEAP_END = __STACK_END

.text           0x00000000     0x1134
 *(.isr_vector)
 .isr_vector    0x00000000       0xc0 ./Startup/startup.o
                0x00000000                vector
 *(.user_irq_hdlr)
 *(.text*)
 .text.main     0x000000c0      0x124 ./Application_Source/main.o
                0x000000c0                main
 .text.init_peri_Clock_Config
                0x000001e4       0xec ./Application_Source/main.o
                0x000001e4                init_peri_Clock_Config
 .text.GPIO_write
                0x000002d0       0x30 ./Device_Drivers/GPIO/gpio.o
                0x000002d0                GPIO_write
 .text.GPIO_Pin_Init
                0x00000300       0x6e ./Device_Drivers/GPIO/gpio.o
                0x00000300                GPIO_Pin_Init
 *fill*         0x0000036e        0x2 
 .text.GPIO_SetHSIOM
                0x00000370       0x60 ./Device_Drivers/GPIO/gpio.o
                0x00000370                GPIO_SetHSIOM
 .text.GPIO_SetDrivemode
                0x000003d0       0x68 ./Device_Drivers/GPIO/gpio.o
                0x000003d0                GPIO_SetDrivemode
 .text.GPIO_SetInterruptEdge
                0x00000438       0x3e ./Device_Drivers/GPIO/gpio.o
                0x00000438                GPIO_SetInterruptEdge
 *fill*         0x00000476        0x2 
 .text.GPIO_SetVtrip
                0x00000478       0x34 ./Device_Drivers/GPIO/gpio.o
                0x00000478                GPIO_SetVtrip
 .text.GPIO_SetSlewRate
                0x000004ac       0x34 ./Device_Drivers/GPIO/gpio.o
                0x000004ac                GPIO_SetSlewRate
 .text.Cy_SAR_Init
                0x000004e0      0x3bc ./Device_Drivers/ADC/ADC.o
                0x000004e0                Cy_SAR_Init
 .text.Cy_SAR_ClearSatInterrupt
                0x0000089c       0x22 ./Device_Drivers/ADC/ADC.o
                0x0000089c                Cy_SAR_ClearSatInterrupt
 *fill*         0x000008be        0x2 
 .text.Cy_SAR_Enable
                0x000008c0       0x38 ./Device_Drivers/ADC/ADC.o
                0x000008c0                Cy_SAR_Enable
 .text.init_cycfg_peripherals
                0x000008f8       0x54 ./Device_Drivers/ADC/ADC.o
                0x000008f8                init_cycfg_peripherals
 .text.Cy_SAR_StartConvert
                0x0000094c       0x3c ./Device_Drivers/ADC/ADC.o
                0x0000094c                Cy_SAR_StartConvert
 .text.Cy_SAR_GetResult16
                0x00000988       0x5a ./Device_Drivers/ADC/ADC.o
                0x00000988                Cy_SAR_GetResult16
 .text.Cy_SAR_SetSatInterruptMask
                0x000009e2       0x22 ./Device_Drivers/ADC/ADC.o
                0x000009e2                Cy_SAR_SetSatInterruptMask
 .text.Cy_SAR_SetRangeInterruptMask
                0x00000a04       0x22 ./Device_Drivers/ADC/ADC.o
                0x00000a04                Cy_SAR_SetRangeInterruptMask
 .text.Cy_SAR_ClearRangeInterrupt
                0x00000a26       0x22 ./Device_Drivers/ADC/ADC.o
                0x00000a26                Cy_SAR_ClearRangeInterrupt
 .text.Cy_SAR_SetInterruptMask
                0x00000a48       0x22 ./Device_Drivers/ADC/ADC.o
                0x00000a48                Cy_SAR_SetInterruptMask
 .text.Cy_SAR_ClearInterrupt
                0x00000a6a       0x22 ./Device_Drivers/ADC/ADC.o
                0x00000a6a                Cy_SAR_ClearInterrupt
 .text.SysClk_PeriphDisableDivider
                0x00000a8c       0x38 ./Device_Drivers/CLOCK/Sys_Clock.o
                0x00000a8c                SysClk_PeriphDisableDivider
 .text.SysClk_PeriphSetDivider
                0x00000ac4       0x50 ./Device_Drivers/CLOCK/Sys_Clock.o
                0x00000ac4                SysClk_PeriphSetDivider
 .text.SysClk_PeriphEnableDivider
                0x00000b14       0x3c ./Device_Drivers/CLOCK/Sys_Clock.o
                0x00000b14                SysClk_PeriphEnableDivider
 .text.SysClk_PeriphAssignDivider
                0x00000b50       0x40 ./Device_Drivers/CLOCK/Sys_Clock.o
                0x00000b50                SysClk_PeriphAssignDivider
 .text.Cy_SysClk_ClkHfSetDivider
                0x00000b90       0x34 ./Device_Drivers/CLOCK/Sys_Clock.o
                0x00000b90                Cy_SysClk_ClkHfSetDivider
 .text.Cy_SCB_UART_Init
                0x00000bc4      0x194 ./Device_Drivers/SCB/uart.o
                0x00000bc4                Cy_SCB_UART_Init
 .text.Cy_SCB_UART_Enable
                0x00000d58       0x1e ./Device_Drivers/SCB/uart.o
                0x00000d58                Cy_SCB_UART_Enable
 .text.Cy_SCB_UART_PutString
                0x00000d76       0x1e ./Device_Drivers/SCB/uart.o
                0x00000d76                Cy_SCB_UART_PutString
 .text.Cy_SCB_WriteString
                0x00000d94       0x5e ./Device_Drivers/SCB/uart.o
                0x00000d94                Cy_SCB_WriteString
 .text.Cy_SCB_GetFifoSize
                0x00000df2       0x22 ./Device_Drivers/SCB/uart.o
                0x00000df2                Cy_SCB_GetFifoSize
 .text.Cy_SCB_GetNumInTxFifo
                0x00000e14       0x1c ./Device_Drivers/SCB/uart.o
                0x00000e14                Cy_SCB_GetNumInTxFifo
 .text.Cy_SCB_WriteTxFifo
                0x00000e30       0x1c ./Device_Drivers/SCB/uart.o
                0x00000e30                Cy_SCB_WriteTxFifo
 .text.enable_irq
                0x00000e4c        0xc ./Special_Libraries/cmsis_gcc.o
                0x00000e4c                enable_irq
 .text.NVIC_SetPriority
                0x00000e58       0x5c ./Special_Libraries/cmsis_gcc.o
                0x00000e58                NVIC_SetPriority
 .text.NVIC_ClearPendingIRQ
                0x00000eb4       0x2c ./Special_Libraries/cmsis_gcc.o
                0x00000eb4                NVIC_ClearPendingIRQ
 .text.NVIC_EnableIRQ
                0x00000ee0       0x2c ./Special_Libraries/cmsis_gcc.o
                0x00000ee0                NVIC_EnableIRQ
 .text._init    0x00000f0c        0xa ./Startup/startup.o
                0x00000f0c                _init
 *fill*         0x00000f16        0x2 
 .text.Reset_handler
                0x00000f18       0x98 ./Startup/startup.o
                0x00000f18                Reset_handler
 .text.Default_Handler
                0x00000fb0        0x8 ./Startup/startup.o
                0x00000fb0                lpcomp_interrupt_IRQHandler
                0x00000fb0                tcpwm_interrupts_7_IRQHandler
                0x00000fb0                SysTick_Handler
                0x00000fb0                PendSV_Handler
                0x00000fb0                NMI_Handler
                0x00000fb0                ioss_interrupts_gpio_1_IRQHandler
                0x00000fb0                cpuss_interrupt_dma_IRQHandler
                0x00000fb0                scb_4_interrupt_IRQHandler
                0x00000fb0                ioss_interrupts_gpio_2_IRQHandler
                0x00000fb0                scb_2_interrupt_IRQHandler
                0x00000fb0                tcpwm_interrupts_4_IRQHandler
                0x00000fb0                cpuss_interrupt_spcif_IRQHandler
                0x00000fb0                scb_0_interrupt_IRQHandler
                0x00000fb0                tcpwm_interrupts_3_IRQHandler
                0x00000fb0                csd_interrupt_IRQHandler
                0x00000fb0                tcpwm_interrupts_1_IRQHandler
                0x00000fb0                crypto_interrupt_IRQHandler
                0x00000fb0                tcpwm_interrupts_6_IRQHandler
                0x00000fb0                ioss_interrupt_gpio_IRQHandler
                0x00000fb0                scb_1_interrupt_IRQHandler
                0x00000fb0                Default_Handler
                0x00000fb0                scb_3_interrupt_IRQHandler
                0x00000fb0                ioss_interrupts_gpio_3_IRQHandler
                0x00000fb0                ioss_interrupts_gpio_0_IRQHandler
                0x00000fb0                tcpwm_interrupts_0_IRQHandler
                0x00000fb0                SVC_Handler
                0x00000fb0                tcpwm_interrupts_2_IRQHandler
                0x00000fb0                tcpwm_interrupts_5_IRQHandler
                0x00000fb0                srss_interrupt_wdt_IRQHandler
                0x00000fb0                pass_0_interrupt_ctbs_IRQHandler
                0x00000fb0                pass_0_interrupt_sar_IRQHandler
                0x00000fb0                can_interrupt_can_IRQHandler
                0x00000fb0                wco_interrupt_IRQHandler
 .text.HRDFLT_Handler
                0x00000fb8        0x8 ./Startup/startup.o
                0x00000fb8                HardFault_Handler
                0x00000fb8                HRDFLT_Handler
 .text.__libc_init_array
                0x00000fc0       0x48 D:/infienion_esc/arm-gcc/13.2 Rel1/bin/../lib/gcc/arm-none-eabi/13.2.1/thumb/v6-m/nofp\libc_nano.a(libc_a-init.o)
                0x00000fc0                __libc_init_array
 *(.init*)
 *(.fini*)
                0x00001008                        . = ALIGN (0x4)
 *(.rodata .rodata.*)
 .rodata        0x00001008       0x28 ./Application_Source/main.o
 .rodata.UART_RX_P7_0_config
                0x00001030       0x14 ./Application_Source/user_cfg.o
                0x00001030                UART_RX_P7_0_config
 .rodata.UART_TX_P7_1_config
                0x00001044       0x14 ./Application_Source/user_cfg.o
                0x00001044                UART_TX_P7_1_config
 .rodata.USERLED_P3_4_config
                0x00001058       0x14 ./Application_Source/user_cfg.o
                0x00001058                USERLED_P3_4_config
 .rodata.ADC_P2_1_config
                0x0000106c       0x14 ./Application_Source/user_cfg.o
                0x0000106c                ADC_P2_1_config
 .rodata.SCB_UART_config
                0x00001080       0x2c ./Application_Source/user_cfg.o
                0x00001080                SCB_UART_config
 .rodata.pass_0_sar_0_channel_0_config
                0x000010ac        0xc ./Application_Source/user_cfg.o
                0x000010ac                pass_0_sar_0_channel_0_config
 .rodata.pass_0_sar_0_config
                0x000010b8       0x7c ./Application_Source/user_cfg.o
                0x000010b8                pass_0_sar_0_config
                0x00001134                        . = ALIGN (0x4)
                0x00001134                        __etext = .
                0x00001134                        _la_data = LOADADDR (.data)

.glue_7         0x00001134        0x0
 .glue_7        0x00001134        0x0 linker stubs

.glue_7t        0x00001134        0x0
 .glue_7t       0x00001134        0x0 linker stubs

.vfp11_veneer   0x00001134        0x0
 .vfp11_veneer  0x00001134        0x0 linker stubs

.v4_bx          0x00001134        0x0
 .v4_bx         0x00001134        0x0 linker stubs

.iplt           0x00001134        0x0
 .iplt          0x00001134        0x0 ./Application_Source/main.o

.rel.dyn        0x00001134        0x0
 .rel.iplt      0x00001134        0x0 ./Application_Source/main.o

.data           0x20000000        0x0 load address 0x00001134
                0x20000000                        __data_start = .
 *(.data*)
                0x20000000                        . = ALIGN (0x4)
                0x20000000                        __data_end = .

.igot.plt       0x20000000        0x0 load address 0x00001134
 .igot.plt      0x20000000        0x0 ./Application_Source/main.o

.bss            0x20000000       0x58 load address 0x00001134
                0x20000000                        __bss_start__ = .
 *(.bss)
 *(.bss.*)
 .bss.chanresult
                0x20000000        0x2 ./Application_Source/main.o
                0x20000000                chanresult
 *fill*         0x20000002        0x2 
 .bss.SCB_UART_context
                0x20000004       0x30 ./Application_Source/main.o
                0x20000004                SCB_UART_context
 .bss.Cy_SAR_offset
                0x20000034       0x22 ./Device_Drivers/ADC/ADC.o
 *(COMMON)
                0x20000058                        . = ALIGN (0x4)
 *fill*         0x20000056        0x2 
                0x20000058                        __bss_end__ = .
                0x20000058                        . = ALIGN (0x4)
                0x20000058                        end = .
                0x20000058                        __end__ = .

Heap            0x20000058     0x2da8 load address 0x00001134
                0x20002e00                        . = ABSOLUTE (__HEAP_START)
 *fill*         0x20000058     0x2da8 
 *(.heap)
                0x20002e00                        . = ALIGN (0x4)

Stack           0x20002e00      0x200 load address 0x00001134
                0x20003000                        . = ABSOLUTE (__STACK_END)
 *fill*         0x20002e00      0x200 
 *(.stack)
OUTPUT(bin/BareMetal_ADC.elf elf32-littlearm)
LOAD linker stubs

.debug_info     0x00000000     0x4243
 .debug_info    0x00000000     0x132e ./Application_Source/main.o
 .debug_info    0x0000132e      0x97a ./Application_Source/user_cfg.o
 .debug_info    0x00001ca8      0x670 ./Device_Drivers/GPIO/gpio.o
 .debug_info    0x00002318      0x990 ./Device_Drivers/ADC/ADC.o
 .debug_info    0x00002ca8      0x7e3 ./Device_Drivers/CLOCK/Sys_Clock.o
 .debug_info    0x0000348b      0x9f3 ./Device_Drivers/SCB/uart.o
 .debug_info    0x00003e7e      0x226 ./Special_Libraries/cmsis_gcc.o
 .debug_info    0x000040a4      0x19f ./Startup/startup.o

.debug_abbrev   0x00000000      0xad9
 .debug_abbrev  0x00000000      0x215 ./Application_Source/main.o
 .debug_abbrev  0x00000215      0x117 ./Application_Source/user_cfg.o
 .debug_abbrev  0x0000032c      0x13e ./Device_Drivers/GPIO/gpio.o
 .debug_abbrev  0x0000046a      0x15f ./Device_Drivers/ADC/ADC.o
 .debug_abbrev  0x000005c9      0x18e ./Device_Drivers/CLOCK/Sys_Clock.o
 .debug_abbrev  0x00000757      0x189 ./Device_Drivers/SCB/uart.o
 .debug_abbrev  0x000008e0       0xe0 ./Special_Libraries/cmsis_gcc.o
 .debug_abbrev  0x000009c0      0x119 ./Startup/startup.o

.debug_aranges  0x00000000      0x290
 .debug_aranges
                0x00000000       0x30 ./Application_Source/main.o
 .debug_aranges
                0x00000030       0x18 ./Application_Source/user_cfg.o
 .debug_aranges
                0x00000048       0x80 ./Device_Drivers/GPIO/gpio.o
 .debug_aranges
                0x000000c8       0x78 ./Device_Drivers/ADC/ADC.o
 .debug_aranges
                0x00000140       0x58 ./Device_Drivers/CLOCK/Sys_Clock.o
 .debug_aranges
                0x00000198       0x78 ./Device_Drivers/SCB/uart.o
 .debug_aranges
                0x00000210       0x48 ./Special_Libraries/cmsis_gcc.o
 .debug_aranges
                0x00000258       0x38 ./Startup/startup.o

.debug_rnglists
                0x00000000      0x1bd
 .debug_rnglists
                0x00000000       0x21 ./Application_Source/main.o
 .debug_rnglists
                0x00000021       0x5b ./Device_Drivers/GPIO/gpio.o
 .debug_rnglists
                0x0000007c       0x56 ./Device_Drivers/ADC/ADC.o
 .debug_rnglists
                0x000000d2       0x3e ./Device_Drivers/CLOCK/Sys_Clock.o
 .debug_rnglists
                0x00000110       0x56 ./Device_Drivers/SCB/uart.o
 .debug_rnglists
                0x00000166       0x31 ./Special_Libraries/cmsis_gcc.o
 .debug_rnglists
                0x00000197       0x26 ./Startup/startup.o

.debug_line     0x00000000     0x15e7
 .debug_line    0x00000000      0x2fc ./Application_Source/main.o
 .debug_line    0x000002fc      0x20a ./Application_Source/user_cfg.o
 .debug_line    0x00000506      0x307 ./Device_Drivers/GPIO/gpio.o
 .debug_line    0x0000080d      0x4ba ./Device_Drivers/ADC/ADC.o
 .debug_line    0x00000cc7      0x277 ./Device_Drivers/CLOCK/Sys_Clock.o
 .debug_line    0x00000f3e      0x350 ./Device_Drivers/SCB/uart.o
 .debug_line    0x0000128e      0x1de ./Special_Libraries/cmsis_gcc.o
 .debug_line    0x0000146c      0x17b ./Startup/startup.o

.debug_str      0x00000000     0x1d6b
 .debug_str     0x00000000     0x1d6b ./Application_Source/main.o
                               0x10a6 (size before relaxing)
 .debug_str     0x00001d6b      0xba7 ./Application_Source/user_cfg.o
 .debug_str     0x00001d6b      0x385 ./Device_Drivers/GPIO/gpio.o
 .debug_str     0x00001d6b      0x7b6 ./Device_Drivers/ADC/ADC.o
 .debug_str     0x00001d6b      0x81d ./Device_Drivers/CLOCK/Sys_Clock.o
 .debug_str     0x00001d6b      0x8f9 ./Device_Drivers/SCB/uart.o
 .debug_str     0x00001d6b      0x24b ./Special_Libraries/cmsis_gcc.o
 .debug_str     0x00001d6b      0x20e ./Startup/startup.o

.comment        0x00000000       0x44
 .comment       0x00000000       0x44 ./Application_Source/main.o
                                 0x45 (size before relaxing)
 .comment       0x00000044       0x45 ./Application_Source/user_cfg.o
 .comment       0x00000044       0x45 ./Device_Drivers/GPIO/gpio.o
 .comment       0x00000044       0x45 ./Device_Drivers/ADC/ADC.o
 .comment       0x00000044       0x45 ./Device_Drivers/CLOCK/Sys_Clock.o
 .comment       0x00000044       0x45 ./Device_Drivers/SCB/uart.o
 .comment       0x00000044       0x45 ./Special_Libraries/cmsis_gcc.o
 .comment       0x00000044       0x45 ./Startup/startup.o

.ARM.attributes
                0x00000000       0x2c
 .ARM.attributes
                0x00000000       0x2c ./Application_Source/main.o
 .ARM.attributes
                0x0000002c       0x2c ./Application_Source/user_cfg.o
 .ARM.attributes
                0x00000058       0x2c ./Device_Drivers/GPIO/gpio.o
 .ARM.attributes
                0x00000084       0x2c ./Device_Drivers/ADC/ADC.o
 .ARM.attributes
                0x000000b0       0x2c ./Device_Drivers/CLOCK/Sys_Clock.o
 .ARM.attributes
                0x000000dc       0x2c ./Device_Drivers/SCB/uart.o
 .ARM.attributes
                0x00000108       0x2c ./Special_Libraries/cmsis_gcc.o
 .ARM.attributes
                0x00000134       0x2c ./Startup/startup.o
 .ARM.attributes
                0x00000160       0x2c D:/infienion_esc/arm-gcc/13.2 Rel1/bin/../lib/gcc/arm-none-eabi/13.2.1/thumb/v6-m/nofp\libc_nano.a(libc_a-init.o)

.debug_frame    0x00000000      0x7b4
 .debug_frame   0x00000000       0x68 ./Application_Source/main.o
 .debug_frame   0x00000068      0x1b0 ./Device_Drivers/GPIO/gpio.o
 .debug_frame   0x00000218      0x18c ./Device_Drivers/ADC/ADC.o
 .debug_frame   0x000003a4      0x108 ./Device_Drivers/CLOCK/Sys_Clock.o
 .debug_frame   0x000004ac      0x190 ./Device_Drivers/SCB/uart.o
 .debug_frame   0x0000063c       0xc8 ./Special_Libraries/cmsis_gcc.o
 .debug_frame   0x00000704       0x84 ./Startup/startup.o
 .debug_frame   0x00000788       0x2c D:/infienion_esc/arm-gcc/13.2 Rel1/bin/../lib/gcc/arm-none-eabi/13.2.1/thumb/v6-m/nofp\libc_nano.a(libc_a-init.o)
